// Jest Snapshot v1, https://goo.gl/fbAQLP

exports[`Grid should not complain when using react-test-renderer 1`] = `
<div
  aria-label="grid"
  aria-readonly={true}
  className="ReactVirtualized__Grid"
  id={undefined}
  onScroll={[Function]}
  role="grid"
  style={
    Object {
      "WebkitOverflowScrolling": "touch",
      "boxSizing": "border-box",
      "direction": "ltr",
      "height": 100,
      "overflowX": "auto",
      "overflowY": "auto",
      "position": "relative",
      "width": 200,
      "willChange": "transform",
    }
  }
  tabIndex={0}
>
  <div
    className="ReactVirtualized__Grid__innerScrollContainer"
    role="rowgroup"
    style={
      Object {
        "height": 2000,
        "maxHeight": 2000,
        "maxWidth": 2500,
        "overflow": "hidden",
        "pointerEvents": "",
        "position": "relative",
        "width": 2500,
      }
    }
  >
    <div
      className="gridItem"
      style={
        Object {
          "height": 20,
          "left": 0,
          "position": "absolute",
          "top": 0,
          "width": 50,
        }
      }
    >
      row:0, column:0
    </div>
    <div
      className="gridItem"
      style={
        Object {
          "height": 20,
          "left": 50,
          "position": "absolute",
          "top": 0,
          "width": 50,
        }
      }
    >
      row:0, column:1
    </div>
    <div
      className="gridItem"
      style={
        Object {
          "height": 20,
          "left": 100,
          "position": "absolute",
          "top": 0,
          "width": 50,
        }
      }
    >
      row:0, column:2
    </div>
    <div
      className="gridItem"
      style={
        Object {
          "height": 20,
          "left": 150,
          "position": "absolute",
          "top": 0,
          "width": 50,
        }
      }
    >
      row:0, column:3
    </div>
    <div
      className="gridItem"
      style={
        Object {
          "height": 20,
          "left": 0,
          "position": "absolute",
          "top": 20,
          "width": 50,
        }
      }
    >
      row:1, column:0
    </div>
    <div
      className="gridItem"
      style={
        Object {
          "height": 20,
          "left": 50,
          "position": "absolute",
          "top": 20,
          "width": 50,
        }
      }
    >
      row:1, column:1
    </div>
    <div
      className="gridItem"
      style={
        Object {
          "height": 20,
          "left": 100,
          "position": "absolute",
          "top": 20,
          "width": 50,
        }
      }
    >
      row:1, column:2
    </div>
    <div
      className="gridItem"
      style={
        Object {
          "height": 20,
          "left": 150,
          "position": "absolute",
          "top": 20,
          "width": 50,
        }
      }
    >
      row:1, column:3
    </div>
    <div
      className="gridItem"
      style={
        Object {
          "height": 20,
          "left": 0,
          "position": "absolute",
          "top": 40,
          "width": 50,
        }
      }
    >
      row:2, column:0
    </div>
    <div
      className="gridItem"
      style={
        Object {
          "height": 20,
          "left": 50,
          "position": "absolute",
          "top": 40,
          "width": 50,
        }
      }
    >
      row:2, column:1
    </div>
    <div
      className="gridItem"
      style={
        Object {
          "height": 20,
          "left": 100,
          "position": "absolute",
          "top": 40,
          "width": 50,
        }
      }
    >
      row:2, column:2
    </div>
    <div
      className="gridItem"
      style={
        Object {
          "height": 20,
          "left": 150,
          "position": "absolute",
          "top": 40,
          "width": 50,
        }
      }
    >
      row:2, column:3
    </div>
    <div
      className="gridItem"
      style={
        Object {
          "height": 20,
          "left": 0,
          "position": "absolute",
          "top": 60,
          "width": 50,
        }
      }
    >
      row:3, column:0
    </div>
    <div
      className="gridItem"
      style={
        Object {
          "height": 20,
          "left": 50,
          "position": "absolute",
          "top": 60,
          "width": 50,
        }
      }
    >
      row:3, column:1
    </div>
    <div
      className="gridItem"
      style={
        Object {
          "height": 20,
          "left": 100,
          "position": "absolute",
          "top": 60,
          "width": 50,
        }
      }
    >
      row:3, column:2
    </div>
    <div
      className="gridItem"
      style={
        Object {
          "height": 20,
          "left": 150,
          "position": "absolute",
          "top": 60,
          "width": 50,
        }
      }
    >
      row:3, column:3
    </div>
    <div
      className="gridItem"
      style={
        Object {
          "height": 20,
          "left": 0,
          "position": "absolute",
          "top": 80,
          "width": 50,
        }
      }
    >
      row:4, column:0
    </div>
    <div
      className="gridItem"
      style={
        Object {
          "height": 20,
          "left": 50,
          "position": "absolute",
          "top": 80,
          "width": 50,
        }
      }
    >
      row:4, column:1
    </div>
    <div
      className="gridItem"
      style={
        Object {
          "height": 20,
          "left": 100,
          "position": "absolute",
          "top": 80,
          "width": 50,
        }
      }
    >
      row:4, column:2
    </div>
    <div
      className="gridItem"
      style={
        Object {
          "height": 20,
          "left": 150,
          "position": "absolute",
          "top": 80,
          "width": 50,
        }
      }
    >
      row:4, column:3
    </div>
  </div>
</div>
`;
